before for-if
found it
after for-if

before for-while
hello foo
counter = 18
counter = 19
bye foo
hello bar
bye bar
after for-while
