hi
foo
bar
baz
hello
a
hello
b
args kwargs
sh script
bye
