zero round
a1
b1
c1
a2
b2
c2
a3
b3
c3
first round
a1
b1
c1
a3
b3
c3
second round
a1
c1
a2
c2
a3
c3
