foo
first round
a1
b1
c1
a3
b3
c3
second round
a1
a2
a3
