foo
bar
27 if printed
a b c d
what-is-my-args a b c
current script is tests/scripts/func-001.sh
