hi
counter = 17
counter = 18
counter = 19
counter = 20
counter = 21
counter = 22
found bar
bye
