hi
before printing break
after printing break
end of outer if
bye
bye bye
