hi
before printing continue
after printing continue
end of outer if
bye
bye bye
