findext not found
ifif7 not found
ford not found
doned not found
whiled not found
