a"b
a 2
cicada 2
but 1
is 1
not 1
a- b-
a- b-
283b812a
283b812a
283b812a.txt
2019-07-29 2019-07-30
2019-07-29 2019-07-30
2019-07-29 2019-07-30
2019-07-29 2019-07-30
2019-07-29 2019-07-30
2019-07-29
2019-07-30
31415927
2
20
0.8
32
64
