hi
found foo 19
found foo 20
not found 21
not found 22
bye
