counter = 17
counter = 26
counter = 36
foo
counter = 48
foo
counter = 49
