counter = 17
counter = 19
counter = 26
counter = 28
counter = 29
counter = 36
counter = 39
